--- INICIANDO TESTE DE PIPELINE INTELIGENTE (CHECK DE HASH) ---

1. Primeira Rodada: Capturando documentos pela primeira vez...
Executing: python ./Robots\cnt.py --output_dir ./downloads\run_1_20260224_180321 --agente 4313,4314,3430,3431,3432,4415,4315,4316,3502,3497,3503,3530,3498,3531,3532,3537,3538
[RE] Verificando ONS 4313 (BRJA)...
-> Hash Calculado: cb04b85d157c...
\u2705 Arquivo salvo: NFe_BRJA_20260224.xml
[RE] Verificando ONS 4314 (BRJB)...
-> Hash Calculado: 61d5ebc90df1...
\u2705 Arquivo salvo: NFe_BRJB_20260224.xml
[RE] Verificando ONS 3430 (CECA)...
-> Hash Calculado: 5b083973d7ec...
\u2705 Arquivo salvo: NFe_CECA_20260224.xml
[RE] Verificando ONS 3431 (CECB)...
-> Hash Calculado: d732a4e10b35...
\u2705 Arquivo salvo: NFe_CECB_20260224.xml
[RE] Verificando ONS 3432 (CECC)...
-> Hash Calculado: 9fb245f4e939...
\u2705 Arquivo salvo: NFe_CECC_20260224.xml
[RE] Verificando ONS 4415 (CECD)...
-> Hash Calculado: 59cf6ee476fa...
\u2705 Arquivo salvo: NFe_CECD_20260224.xml
[RE] Verificando ONS 4315 (CECE)...
-> Hash Calculado: 28b042a9d30a...
\u2705 Arquivo salvo: NFe_CECE_20260224.xml
[RE] Verificando ONS 4316 (CECF)...
-> Hash Calculado: 7ff605776453...
\u2705 Arquivo salvo: NFe_CECF_20260224.xml
[RE] Verificando ONS 3502 (ITA1)...
-> Hash Calculado: a303ea8cf022...
\u2705 Arquivo salvo: NFe_ITA1_20260224.xml
[RE] Verificando ONS 3497 (ITA2)...
-> Hash Calculado: a3b656eb90a5...
\u2705 Arquivo salvo: NFe_ITA2_20260224.xml
[RE] Verificando ONS 3503 (ITA3)...
-> Hash Calculado: dbf7e6b19969...
\u2705 Arquivo salvo: NFe_ITA3_20260224.xml
[RE] Verificando ONS 3530 (ITA4)...
-> Hash Calculado: 24a7beae0da8...
\u2705 Arquivo salvo: NFe_ITA4_20260224.xml
[RE] Verificando ONS 3498 (ITA5)...
-> Hash Calculado: 0202cfdfca67...
\u2705 Arquivo salvo: NFe_ITA5_20260224.xml
[RE] Verificando ONS 3531 (ITA6)...
-> Hash Calculado: 912c42052f56...
\u2705 Arquivo salvo: NFe_ITA6_20260224.xml
[RE] Verificando ONS 3532 (ITA7)...
-> Hash Calculado: a6044574e78c...
\u2705 Arquivo salvo: NFe_ITA7_20260224.xml
[RE] Verificando ONS 3537 (ITA8)...
-> Hash Calculado: 9a007d647a69...
\u2705 Arquivo salvo: NFe_ITA8_20260224.xml
[RE] Verificando ONS 3538 (ITA9)...
-> Hash Calculado: 1c352648e930...
\u2705 Arquivo salvo: NFe_ITA9_20260224.xml

Resultado 1: Foram registrados 17 novos documentos no banco.

2. Segunda Rodada: Rodando novamente para testar a detecþÒo de duplicidade...
Executing: python ./Robots\cnt.py --output_dir ./downloads\run_2_20260224_180349 --agente 4313,4314,3430,3431,3432,4415,4315,4316,3502,3497,3503,3530,3498,3531,3532,3537,3538
[RE] Verificando ONS 4313 (BRJA)...
-> Hash Calculado: cb04b85d157c...
\u2705 Arquivo salvo: NFe_BRJA_20260224.xml
[RE] Verificando ONS 4314 (BRJB)...
-> Hash Calculado: 61d5ebc90df1...
\u2705 Arquivo salvo: NFe_BRJB_20260224.xml
[RE] Verificando ONS 3430 (CECA)...
-> Hash Calculado: 5b083973d7ec...
\u2705 Arquivo salvo: NFe_CECA_20260224.xml
[RE] Verificando ONS 3431 (CECB)...
-> Hash Calculado: d732a4e10b35...
\u2705 Arquivo salvo: NFe_CECB_20260224.xml
[RE] Verificando ONS 3432 (CECC)...
-> Hash Calculado: 9fb245f4e939...
\u2705 Arquivo salvo: NFe_CECC_20260224.xml
[RE] Verificando ONS 4415 (CECD)...
-> Hash Calculado: 59cf6ee476fa...
\u2705 Arquivo salvo: NFe_CECD_20260224.xml
[RE] Verificando ONS 4315 (CECE)...
-> Hash Calculado: 28b042a9d30a...
\u2705 Arquivo salvo: NFe_CECE_20260224.xml
[RE] Verificando ONS 4316 (CECF)...
-> Hash Calculado: 7ff605776453...
\u2705 Arquivo salvo: NFe_CECF_20260224.xml
[RE] Verificando ONS 3502 (ITA1)...
-> Hash Calculado: a303ea8cf022...
\u2705 Arquivo salvo: NFe_ITA1_20260224.xml
[RE] Verificando ONS 3497 (ITA2)...
-> Hash Calculado: a3b656eb90a5...
\u2705 Arquivo salvo: NFe_ITA2_20260224.xml
[RE] Verificando ONS 3503 (ITA3)...
-> Hash Calculado: dbf7e6b19969...
\u2705 Arquivo salvo: NFe_ITA3_20260224.xml
[RE] Verificando ONS 3530 (ITA4)...
-> Hash Calculado: 24a7beae0da8...
\u2705 Arquivo salvo: NFe_ITA4_20260224.xml
[RE] Verificando ONS 3498 (ITA5)...
-> Hash Calculado: 0202cfdfca67...
\u2705 Arquivo salvo: NFe_ITA5_20260224.xml
[RE] Verificando ONS 3531 (ITA6)...
-> Hash Calculado: 912c42052f56...
\u2705 Arquivo salvo: NFe_ITA6_20260224.xml
[RE] Verificando ONS 3532 (ITA7)...
-> Hash Calculado: a6044574e78c...
\u2705 Arquivo salvo: NFe_ITA7_20260224.xml
[RE] Verificando ONS 3537 (ITA8)...
-> Hash Calculado: 9a007d647a69...
\u2705 Arquivo salvo: NFe_ITA8_20260224.xml
[RE] Verificando ONS 3538 (ITA9)...
-> Hash Calculado: 1c352648e930...
\u2705 Arquivo salvo: NFe_ITA9_20260224.xml
Alerta: Documento NFe_CECA_20260224.xml ignorado. HASH jß existente no banco (5b083973d7ec...)
Alerta: Documento NFe_CECB_20260224.xml ignorado. HASH jß existente no banco (d732a4e10b35...)
Alerta: Documento NFe_CECC_20260224.xml ignorado. HASH jß existente no banco (9fb245f4e939...)
Alerta: Documento NFe_ITA2_20260224.xml ignorado. HASH jß existente no banco (a3b656eb90a5...)
Alerta: Documento NFe_ITA5_20260224.xml ignorado. HASH jß existente no banco (0202cfdfca67...)
Alerta: Documento NFe_ITA1_20260224.xml ignorado. HASH jß existente no banco (a303ea8cf022...)
Alerta: Documento NFe_ITA3_20260224.xml ignorado. HASH jß existente no banco (dbf7e6b19969...)
Alerta: Documento NFe_ITA4_20260224.xml ignorado. HASH jß existente no banco (24a7beae0da8...)
Alerta: Documento NFe_ITA6_20260224.xml ignorado. HASH jß existente no banco (912c42052f56...)
Alerta: Documento NFe_ITA7_20260224.xml ignorado. HASH jß existente no banco (a6044574e78c...)
Alerta: Documento NFe_ITA8_20260224.xml ignorado. HASH jß existente no banco (9a007d647a69...)
Alerta: Documento NFe_ITA9_20260224.xml ignorado. HASH jß existente no banco (1c352648e930...)
Alerta: Documento NFe_BRJA_20260224.xml ignorado. HASH jß existente no banco (cb04b85d157c...)
Alerta: Documento NFe_BRJB_20260224.xml ignorado. HASH jß existente no banco (61d5ebc90df1...)
Alerta: Documento NFe_CECE_20260224.xml ignorado. HASH jß existente no banco (28b042a9d30a...)
Alerta: Documento NFe_CECF_20260224.xml ignorado. HASH jß existente no banco (7ff605776453...)
Alerta: Documento NFe_CECD_20260224.xml ignorado. HASH jß existente no banco (59cf6ee476fa...)

Resultado 2: Total de documentos no banco: 17
--- TESTE FINALIZADO ---

SUCESSO: A IdempotÛncia funcionou! Nenhum arquivo duplicado foi inserido.
